################################################################################
#                                                                              #
#      IAR Universal Linker V6.5.1.95                                          #
#                                                                              #
#           Link time     =  03/Dec/2018  17:44:44                             #
#           Target CPU    =  MSP430                                            #
#           List file     =  C:\CatToyProject-MSP430\src                       #
#                            \Debug\List\CatToyProject.map                     #
#           Output file 1 =  C:\CatToyProject-MSP430\src                       #
#                            \Debug\Exe\CatToyProject.d43                      #
#                            Format: ubrof10                                   #
#                            UBROF version 10.0.6                              #
#                            Using library modules for C-SPY (-rt)             #
#           Command line  =  -f                                                #
#                            C:\Users\Austin\AppData\Local\Temp\EW76E5.tmp     #
#                            (C:\CatToyProject-MSP430\sr                       #
#                            c\Debug\Obj\main.r43                              #
#                            C:\CatToyProject-MSP430\src                       #
#                            \Debug\Obj\Pattern.r43                            #
#                            -o                                                #
#                            C:\CatToyProject-MSP430\src                       #
#                            \Debug\Exe\CatToyProject.d43                      #
#                            -l                                                #
#                            C:\CatToyProject-MSP430\src                       #
#                            \Debug\List\CatToyProject.map                     #
#                            -xms                                              #
#                            "-IC:\Program Files (x86)\IAR Systems\Embedded Wo #
#                            rkbench 8.0\430\LIB\"                             #
#                            -f                                                #
#                            "C:\Program Files (x86)\IAR Systems\Embedded Work #
#                            bench 8.0\430\config\linker\lnk430g2533.xcl"      #
#                            (-cmsp430 -QCODE_I=CODE_ID -QTLS16_I=TLS16_ID     #
#                            -Z(CONST)INFO=1000-10FF                           #
#                            -Z(CONST)INFOA=10C0-10FF                          #
#                            -Z(CONST)INFOB=1080-10BF                          #
#                            -Z(CONST)INFOC=1040-107F                          #
#                            -Z(CONST)INFOD=1000-103F                          #
#                            -Z(DATA)DATA16_I,DATA16_Z,DATA16_N,TLS16_I=0200-0 #
#                            3FF                                               #
#                            -Z(DATA)DATA16_HEAP+_DATA16_HEAP_SIZE             #
#                            -Z(DATA)CODE_I -Z(DATA)CSTACK+_STACK_SIZE#        #
#                            -Z(CONST)DATA16_C,DATA16_ID,TLS16_ID,DIFUNCT,CHEC #
#                            KSUM=C000-FFDD                                    #
#                            -Z(CODE)CSTART,ISR_CODE,CODE_ID=C000-FFDD         #
#                            -P(CODE)CODE=C000-FFDD                            #
#                            -Z(CONST)SIGNATURE=FFDE-FFDF                      #
#                            -Z(CODE)INTVEC=FFE0-FFFF                          #
#                            -Z(CODE)RESET=FFFE-FFFF) -D_STACK_SIZE=50 -rt     #
#                            -D_DATA16_HEAP_SIZE=50 -D_DATA20_HEAP_SIZE=50)    #
#                                                                              #
#                           Copyright (C) 1987-2016 IAR Systems AB.            #
################################################################################





                ****************************************
                *                                      *
                *           CROSS REFERENCE            *
                *                                      *
                ****************************************

                  There are no program entries.


                ****************************************
                *                                      *
                *    AUTOMATIC SYMBOL REDIRECTIONS     *
                *                                      *
                ****************************************

                  There are no automatic symbol redirections.



                ****************************************
                *                                      *
                *              MODULE MAP              *
                *                                      *
                ****************************************


  DEFINED ABSOLUTE ENTRIES
    *************************************************************************

  DEFINED ABSOLUTE ENTRIES
  PROGRAM MODULE, NAME : ?ABS_ENTRY_MOD

Absolute parts
           ENTRY                   ADDRESS         REF BY
           =====                   =======         ======
           _DATA20_HEAP_SIZE       0050 
           _DATA16_HEAP_SIZE       0050 
           _STACK_SIZE             0050 
    *************************************************************************

  FILE NAME : C:\CatToyProject-MSP430\src\Debug\Obj\main.r43
  PROGRAM MODULE, NAME : main

Absolute parts
     FFFE - FFFF
           LOCAL                   ADDRESS         
           =====                   =======         
           __MSP430TCH5E__         0000 
  SEGMENTS IN THE MODULE
  ======================
CSTACK
  Relative segment, address: 03B0, align: 1
  Segment part 0. ROOT 
    -------------------------------------------------------------------------
<CODE> 1 (was CODE)
  Relative segment, address: C128 - C197 (0x70 bytes), align: 1
  Segment part 1. ROOT        Intra module refs:   Absolute parts
                                                   Segment part 2
           ENTRY                   ADDRESS         REF BY
           =====                   =======         ======
           main                    C12C 
           LOCAL                   ADDRESS         
           =====                   =======         
           init                    C128 
           TA0_ISR                 C18E 
    -------------------------------------------------------------------------
INTVEC
  Common segment, address: FFE0 - FFF3 (0x14 bytes), align: 1
  Segment part 2. ROOT 

    *************************************************************************

  FILE NAME : C:\CatToyProject-MSP430\src\Debug\Obj\Pattern.r43
  PROGRAM MODULE, NAME : Pattern

Absolute parts
           LOCAL                   ADDRESS         
           =====                   =======         
           __MSP430TCH5E__         0000 
  SEGMENTS IN THE MODULE
  ======================
<CODE> 1 (was CODE)
  Relative segment, address: C000 - C127 (0x128 bytes), align: 1
  Segment part 0. ROOT 
           ENTRY                   ADDRESS         REF BY
           =====                   =======         ======
           Pattern                 C000            main (main)
           LOCAL                   ADDRESS         
           =====                   =======         
           pattern0                C00A 
           pattern19               C126 
           pattern1                C018 
           pattern2                C026 
           pattern3                C036 
           pattern4                C044 
           pattern5                C054 
           pattern6                C064 
           pattern7                C074 
           pattern8                C082 
           pattern9                C092 
           pattern10               C0A2 
           pattern11               C0B2 
           pattern12               C0C2 
           pattern13               C0D2 
           pattern14               C0E2 
           pattern15               C0F2 
           pattern16               C102 
           pattern17               C112 
           pattern18               C122 




                ****************************************
                *                                      *
                *      SEGMENTS IN ADDRESS ORDER       *
                *                                      *
                ****************************************


SEGMENT              SPACE    START ADDRESS   END ADDRESS     SIZE  TYPE  ALIGN
=======              =====    =============   ===========     ====  ====  =====
CSTACK                                 03B0 - 03FF              50   rel    1
<CODE> 1                               C000 - C197             198   rel    1
INTVEC                                 FFE0 - FFF3              14   com    1
                                       FFFE - FFFF               2  aseg  

                ****************************************
                *                                      *
                *        END OF CROSS REFERENCE        *
                *                                      *
                ****************************************

 428 bytes of CODE memory (+ 2 absolute )
  80 bytes of DATA memory

Errors: none
Warnings: none

